-- The C compiler identification is GNU 13.3.0
-- The CXX compiler identification is GNU 13.3.0
-- Detecting C compiler ABI info
-- Detecting C compiler ABI info - done
-- Check for working C compiler: /usr/bin/cc - skipped
-- Detecting C compile features
-- Detecting C compile features - done
-- Detecting CXX compiler ABI info
-- Detecting CXX compiler ABI info - done
-- Check for working CXX compiler: /usr/bin/c++ - skipped
-- Detecting CXX compile features
-- Detecting CXX compile features - done
-- Found ament_cmake: 2.5.6 (/opt/ros/jazzy/share/ament_cmake/cmake)
-- Found Python3: /usr/bin/python3 (found version "3.12.3") found components: Interpreter 
-- Found rosidl_default_generators: 1.6.1 (/opt/ros/jazzy/share/rosidl_default_generators/cmake)
-- Using all available rosidl_typesupport_c: rosidl_typesupport_fastrtps_c;rosidl_typesupport_introspection_c
-- Using all available rosidl_typesupport_cpp: rosidl_typesupport_fastrtps_cpp;rosidl_typesupport_introspection_cpp
-- Found rosidl_adapter: 4.6.9 (/opt/ros/jazzy/share/rosidl_adapter/cmake)
-- Found geometry_msgs: 5.3.8 (/opt/ros/jazzy/share/geometry_msgs/cmake)
-- Found ament_cmake_ros: 0.12.1 (/opt/ros/jazzy/share/ament_cmake_ros/cmake)
-- Using all available rosidl_typesupport_c: rosidl_typesupport_fastrtps_c;rosidl_typesupport_introspection_c
-- Using all available rosidl_typesupport_cpp: rosidl_typesupport_fastrtps_cpp;rosidl_typesupport_introspection_cpp
-- Found python_cmake_module: 0.11.1 (/opt/ros/jazzy/share/python_cmake_module/cmake)
-- Found PythonExtra: /usr/bin/python3  
-- Found Python3: /usr/bin/python3 (found version "3.12.3") found components: Interpreter Development NumPy Development.Module Development.Embed 
-- Found Python3: /usr/bin/python3 (found version "3.12.3") found components: Interpreter 
-- Found ament_lint_auto: 0.17.5 (/opt/ros/jazzy/share/ament_lint_auto/cmake)
-- Added test 'lint_cmake' to check CMake code style
-- Added test 'xmllint' to check XML markup files
-- Configuring done (2.7s)
-- Generating done (0.0s)
-- Build files have been written to: /workspace/Conv-ChArT-Wireless-Inference/src/ros/build/convchart_interfaces
[  2%] [34m[1mGenerating type hashes for ROS interfaces[0m
[  5%] [34m[1mGenerating Rust code for ROS interfaces[0m
[  5%] Built target ament_cmake_python_copy_convchart_interfaces
running egg_info
creating convchart_interfaces.egg-info
writing convchart_interfaces.egg-info/PKG-INFO
writing dependency_links to convchart_interfaces.egg-info/dependency_links.txt
writing top-level names to convchart_interfaces.egg-info/top_level.txt
writing manifest file 'convchart_interfaces.egg-info/SOURCES.txt'
[  5%] Built target convchart_interfaces__rosidl_generator_type_description
[  8%] [34m[1mGenerating C code for ROS interfaces[0m
reading manifest file 'convchart_interfaces.egg-info/SOURCES.txt'
[ 11%] [34m[1mGenerating C++ code for ROS interfaces[0m
writing manifest file 'convchart_interfaces.egg-info/SOURCES.txt'
[ 11%] Built target ament_cmake_python_build_convchart_interfaces_egg
[ 11%] Built target convchart_interfaces__rs
[ 11%] Built target convchart_interfaces__cpp
[ 14%] [32mBuilding C object CMakeFiles/convchart_interfaces__rosidl_generator_c.dir/rosidl_generator_c/convchart_interfaces/msg/detail/inference_result__functions.c.o[0m
[ 17%] [32mBuilding C object CMakeFiles/convchart_interfaces__rosidl_generator_c.dir/rosidl_generator_c/convchart_interfaces/msg/detail/inference_result__description.c.o[0m
[ 20%] [32mBuilding C object CMakeFiles/convchart_interfaces__rosidl_generator_c.dir/rosidl_generator_c/convchart_interfaces/msg/detail/inference_result__type_support.c.o[0m
[ 22%] [32m[1mLinking C shared library libconvchart_interfaces__rosidl_generator_c.so[0m
[ 22%] Built target convchart_interfaces__rosidl_generator_c
[ 25%] [34m[1mGenerating C++ introspection for ROS interfaces[0m
[ 31%] [34m[1mGenerating C type support dispatch for ROS interfaces[0m
[ 31%] [34m[1mGenerating C type support for eProsima Fast-RTPS[0m
[ 37%] [34m[1mGenerating C introspection for ROS interfaces[0m
[ 37%] [34m[1mGenerating C++ type support for eProsima Fast-RTPS[0m
[ 40%] [34m[1mGenerating C++ type support dispatch for ROS interfaces[0m
[ 42%] [32mBuilding CXX object CMakeFiles/convchart_interfaces__rosidl_typesupport_c.dir/rosidl_typesupport_c/convchart_interfaces/msg/inference_result__type_support.cpp.o[0m
[ 45%] [32mBuilding CXX object CMakeFiles/convchart_interfaces__rosidl_typesupport_introspection_cpp.dir/rosidl_typesupport_introspection_cpp/convchart_interfaces/msg/detail/inference_result__type_support.cpp.o[0m
[ 48%] [32mBuilding CXX object CMakeFiles/convchart_interfaces__rosidl_typesupport_cpp.dir/rosidl_typesupport_cpp/convchart_interfaces/msg/inference_result__type_support.cpp.o[0m
[ 51%] [32mBuilding CXX object CMakeFiles/convchart_interfaces__rosidl_typesupport_fastrtps_cpp.dir/rosidl_typesupport_fastrtps_cpp/convchart_interfaces/msg/detail/dds_fastrtps/inference_result__type_support.cpp.o[0m
[ 54%] [32mBuilding C object CMakeFiles/convchart_interfaces__rosidl_typesupport_introspection_c.dir/rosidl_typesupport_introspection_c/convchart_interfaces/msg/detail/inference_result__type_support.c.o[0m
[ 57%] [32mBuilding CXX object CMakeFiles/convchart_interfaces__rosidl_typesupport_fastrtps_c.dir/rosidl_typesupport_fastrtps_c/convchart_interfaces/msg/detail/inference_result__type_support_c.cpp.o[0m
[ 60%] [32m[1mLinking CXX shared library libconvchart_interfaces__rosidl_typesupport_c.so[0m
[ 62%] [32m[1mLinking C shared library libconvchart_interfaces__rosidl_typesupport_introspection_c.so[0m
[ 62%] Built target convchart_interfaces__rosidl_typesupport_c
[ 62%] Built target convchart_interfaces__rosidl_typesupport_introspection_c
[ 65%] [32m[1mLinking CXX shared library libconvchart_interfaces__rosidl_typesupport_cpp.so[0m
[ 68%] [32m[1mLinking CXX shared library libconvchart_interfaces__rosidl_typesupport_introspection_cpp.so[0m
[ 68%] Built target convchart_interfaces__rosidl_typesupport_cpp
[ 68%] Built target convchart_interfaces__rosidl_typesupport_introspection_cpp
[ 74%] [32m[1mLinking CXX shared library libconvchart_interfaces__rosidl_typesupport_fastrtps_cpp.so[0m
[ 74%] [32m[1mLinking CXX shared library libconvchart_interfaces__rosidl_typesupport_fastrtps_c.so[0m
[ 74%] Built target convchart_interfaces__rosidl_typesupport_fastrtps_cpp
[ 74%] Built target convchart_interfaces__rosidl_typesupport_fastrtps_c
[ 74%] Built target convchart_interfaces
[ 77%] [34m[1mGenerating Python code for ROS interfaces[0m
[ 77%] Built target convchart_interfaces__py
[ 80%] [32mBuilding C object CMakeFiles/convchart_interfaces__rosidl_generator_py.dir/rosidl_generator_py/convchart_interfaces/msg/_inference_result_s.c.o[0m
[ 82%] [32m[1mLinking C shared library libconvchart_interfaces__rosidl_generator_py.so[0m
[ 82%] Built target convchart_interfaces__rosidl_generator_py
[ 85%] [32mBuilding C object CMakeFiles/convchart_interfaces_s__rosidl_typesupport_c.dir/rosidl_generator_py/convchart_interfaces/_convchart_interfaces_s.ep.rosidl_typesupport_c.c.o[0m
[ 91%] [32mBuilding C object CMakeFiles/convchart_interfaces_s__rosidl_typesupport_introspection_c.dir/rosidl_generator_py/convchart_interfaces/_convchart_interfaces_s.ep.rosidl_typesupport_introspection_c.c.o[0m
[ 91%] [32mBuilding C object CMakeFiles/convchart_interfaces_s__rosidl_typesupport_fastrtps_c.dir/rosidl_generator_py/convchart_interfaces/_convchart_interfaces_s.ep.rosidl_typesupport_fastrtps_c.c.o[0m
[ 94%] [32m[1mLinking C shared module rosidl_generator_py/convchart_interfaces/convchart_interfaces_s__rosidl_typesupport_c.so[0m
[ 97%] [32m[1mLinking C shared module rosidl_generator_py/convchart_interfaces/convchart_interfaces_s__rosidl_typesupport_fastrtps_c.so[0m
[100%] [32m[1mLinking C shared module rosidl_generator_py/convchart_interfaces/convchart_interfaces_s__rosidl_typesupport_introspection_c.so[0m
[100%] Built target convchart_interfaces_s__rosidl_typesupport_c
[100%] Built target convchart_interfaces_s__rosidl_typesupport_fastrtps_c
[100%] Built target convchart_interfaces_s__rosidl_typesupport_introspection_c
-- Install configuration: ""
-- Installing: /workspace/Conv-ChArT-Wireless-Inference/src/ros/install/convchart_interfaces/share/ament_index/resource_index/rosidl_interfaces/convchart_interfaces
-- Installing: /workspace/Conv-ChArT-Wireless-Inference/src/ros/install/convchart_interfaces/share/convchart_interfaces/msg/InferenceResult.json
-- Installing: /workspace/Conv-ChArT-Wireless-Inference/src/ros/install/convchart_interfaces/include/convchart_interfaces/convchart_interfaces
-- Installing: /workspace/Conv-ChArT-Wireless-Inference/src/ros/install/convchart_interfaces/include/convchart_interfaces/convchart_interfaces/msg
-- Installing: /workspace/Conv-ChArT-Wireless-Inference/src/ros/install/convchart_interfaces/include/convchart_interfaces/convchart_interfaces/msg/inference_result.h
-- Installing: /workspace/Conv-ChArT-Wireless-Inference/src/ros/install/convchart_interfaces/include/convchart_interfaces/convchart_interfaces/msg/detail
-- Installing: /workspace/Conv-ChArT-Wireless-Inference/src/ros/install/convchart_interfaces/include/convchart_interfaces/convchart_interfaces/msg/detail/inference_result__functions.c
-- Installing: /workspace/Conv-ChArT-Wireless-Inference/src/ros/install/convchart_interfaces/include/convchart_interfaces/convchart_interfaces/msg/detail/inference_result__description.c
-- Installing: /workspace/Conv-ChArT-Wireless-Inference/src/ros/install/convchart_interfaces/include/convchart_interfaces/convchart_interfaces/msg/detail/inference_result__type_support.h
-- Installing: /workspace/Conv-ChArT-Wireless-Inference/src/ros/install/convchart_interfaces/include/convchart_interfaces/convchart_interfaces/msg/detail/inference_result__struct.h
-- Installing: /workspace/Conv-ChArT-Wireless-Inference/src/ros/install/convchart_interfaces/include/convchart_interfaces/convchart_interfaces/msg/detail/inference_result__functions.h
-- Installing: /workspace/Conv-ChArT-Wireless-Inference/src/ros/install/convchart_interfaces/include/convchart_interfaces/convchart_interfaces/msg/detail/inference_result__type_support.c
-- Installing: /workspace/Conv-ChArT-Wireless-Inference/src/ros/install/convchart_interfaces/include/convchart_interfaces/convchart_interfaces/msg/rosidl_generator_c__visibility_control.h
-- Installing: /workspace/Conv-ChArT-Wireless-Inference/src/ros/install/convchart_interfaces/share/convchart_interfaces/environment/library_path.sh
-- Installing: /workspace/Conv-ChArT-Wireless-Inference/src/ros/install/convchart_interfaces/share/convchart_interfaces/environment/library_path.dsv
-- Installing: /workspace/Conv-ChArT-Wireless-Inference/src/ros/install/convchart_interfaces/lib/libconvchart_interfaces__rosidl_generator_c.so
-- Set non-toolchain portion of runtime path of "/workspace/Conv-ChArT-Wireless-Inference/src/ros/install/convchart_interfaces/lib/libconvchart_interfaces__rosidl_generator_c.so" to ""
-- Up-to-date: /workspace/Conv-ChArT-Wireless-Inference/src/ros/install/convchart_interfaces/include/convchart_interfaces/convchart_interfaces
-- Up-to-date: /workspace/Conv-ChArT-Wireless-Inference/src/ros/install/convchart_interfaces/include/convchart_interfaces/convchart_interfaces/msg
-- Installing: /workspace/Conv-ChArT-Wireless-Inference/src/ros/install/convchart_interfaces/include/convchart_interfaces/convchart_interfaces/msg/rosidl_typesupport_fastrtps_c__visibility_control.h
-- Up-to-date: /workspace/Conv-ChArT-Wireless-Inference/src/ros/install/convchart_interfaces/include/convchart_interfaces/convchart_interfaces/msg/detail
-- Installing: /workspace/Conv-ChArT-Wireless-Inference/src/ros/install/convchart_interfaces/include/convchart_interfaces/convchart_interfaces/msg/detail/inference_result__rosidl_typesupport_fastrtps_c.h
-- Installing: /workspace/Conv-ChArT-Wireless-Inference/src/ros/install/convchart_interfaces/lib/libconvchart_interfaces__rosidl_typesupport_fastrtps_c.so
-- Set non-toolchain portion of runtime path of "/workspace/Conv-ChArT-Wireless-Inference/src/ros/install/convchart_interfaces/lib/libconvchart_interfaces__rosidl_typesupport_fastrtps_c.so" to ""
-- Up-to-date: /workspace/Conv-ChArT-Wireless-Inference/src/ros/install/convchart_interfaces/include/convchart_interfaces/convchart_interfaces
-- Up-to-date: /workspace/Conv-ChArT-Wireless-Inference/src/ros/install/convchart_interfaces/include/convchart_interfaces/convchart_interfaces/msg
-- Up-to-date: /workspace/Conv-ChArT-Wireless-Inference/src/ros/install/convchart_interfaces/include/convchart_interfaces/convchart_interfaces/msg/detail
-- Installing: /workspace/Conv-ChArT-Wireless-Inference/src/ros/install/convchart_interfaces/include/convchart_interfaces/convchart_interfaces/msg/detail/inference_result__rosidl_typesupport_introspection_c.h
-- Up-to-date: /workspace/Conv-ChArT-Wireless-Inference/src/ros/install/convchart_interfaces/include/convchart_interfaces/convchart_interfaces/msg/detail/inference_result__type_support.c
-- Installing: /workspace/Conv-ChArT-Wireless-Inference/src/ros/install/convchart_interfaces/include/convchart_interfaces/convchart_interfaces/msg/rosidl_typesupport_introspection_c__visibility_control.h
-- Installing: /workspace/Conv-ChArT-Wireless-Inference/src/ros/install/convchart_interfaces/lib/libconvchart_interfaces__rosidl_typesupport_introspection_c.so
-- Set non-toolchain portion of runtime path of "/workspace/Conv-ChArT-Wireless-Inference/src/ros/install/convchart_interfaces/lib/libconvchart_interfaces__rosidl_typesupport_introspection_c.so" to ""
-- Installing: /workspace/Conv-ChArT-Wireless-Inference/src/ros/install/convchart_interfaces/lib/libconvchart_interfaces__rosidl_typesupport_c.so
-- Set non-toolchain portion of runtime path of "/workspace/Conv-ChArT-Wireless-Inference/src/ros/install/convchart_interfaces/lib/libconvchart_interfaces__rosidl_typesupport_c.so" to ""
-- Up-to-date: /workspace/Conv-ChArT-Wireless-Inference/src/ros/install/convchart_interfaces/include/convchart_interfaces/convchart_interfaces
-- Up-to-date: /workspace/Conv-ChArT-Wireless-Inference/src/ros/install/convchart_interfaces/include/convchart_interfaces/convchart_interfaces/msg
-- Installing: /workspace/Conv-ChArT-Wireless-Inference/src/ros/install/convchart_interfaces/include/convchart_interfaces/convchart_interfaces/msg/inference_result.hpp
-- Up-to-date: /workspace/Conv-ChArT-Wireless-Inference/src/ros/install/convchart_interfaces/include/convchart_interfaces/convchart_interfaces/msg/detail
-- Installing: /workspace/Conv-ChArT-Wireless-Inference/src/ros/install/convchart_interfaces/include/convchart_interfaces/convchart_interfaces/msg/detail/inference_result__struct.hpp
-- Installing: /workspace/Conv-ChArT-Wireless-Inference/src/ros/install/convchart_interfaces/include/convchart_interfaces/convchart_interfaces/msg/detail/inference_result__builder.hpp
-- Installing: /workspace/Conv-ChArT-Wireless-Inference/src/ros/install/convchart_interfaces/include/convchart_interfaces/convchart_interfaces/msg/detail/inference_result__traits.hpp
-- Installing: /workspace/Conv-ChArT-Wireless-Inference/src/ros/install/convchart_interfaces/include/convchart_interfaces/convchart_interfaces/msg/detail/inference_result__type_support.hpp
-- Installing: /workspace/Conv-ChArT-Wireless-Inference/src/ros/install/convchart_interfaces/include/convchart_interfaces/convchart_interfaces/msg/rosidl_generator_cpp__visibility_control.hpp
-- Up-to-date: /workspace/Conv-ChArT-Wireless-Inference/src/ros/install/convchart_interfaces/include/convchart_interfaces/convchart_interfaces
-- Up-to-date: /workspace/Conv-ChArT-Wireless-Inference/src/ros/install/convchart_interfaces/include/convchart_interfaces/convchart_interfaces/msg
-- Installing: /workspace/Conv-ChArT-Wireless-Inference/src/ros/install/convchart_interfaces/include/convchart_interfaces/convchart_interfaces/msg/rosidl_typesupport_fastrtps_cpp__visibility_control.h
-- Up-to-date: /workspace/Conv-ChArT-Wireless-Inference/src/ros/install/convchart_interfaces/include/convchart_interfaces/convchart_interfaces/msg/detail
-- Installing: /workspace/Conv-ChArT-Wireless-Inference/src/ros/install/convchart_interfaces/include/convchart_interfaces/convchart_interfaces/msg/detail/inference_result__rosidl_typesupport_fastrtps_cpp.hpp
-- Installing: /workspace/Conv-ChArT-Wireless-Inference/src/ros/install/convchart_interfaces/include/convchart_interfaces/convchart_interfaces/msg/detail/dds_fastrtps
-- Installing: /workspace/Conv-ChArT-Wireless-Inference/src/ros/install/convchart_interfaces/lib/libconvchart_interfaces__rosidl_typesupport_fastrtps_cpp.so
-- Set non-toolchain portion of runtime path of "/workspace/Conv-ChArT-Wireless-Inference/src/ros/install/convchart_interfaces/lib/libconvchart_interfaces__rosidl_typesupport_fastrtps_cpp.so" to ""
-- Up-to-date: /workspace/Conv-ChArT-Wireless-Inference/src/ros/install/convchart_interfaces/include/convchart_interfaces/convchart_interfaces
-- Up-to-date: /workspace/Conv-ChArT-Wireless-Inference/src/ros/install/convchart_interfaces/include/convchart_interfaces/convchart_interfaces/msg
-- Up-to-date: /workspace/Conv-ChArT-Wireless-Inference/src/ros/install/convchart_interfaces/include/convchart_interfaces/convchart_interfaces/msg/detail
-- Installing: /workspace/Conv-ChArT-Wireless-Inference/src/ros/install/convchart_interfaces/include/convchart_interfaces/convchart_interfaces/msg/detail/inference_result__rosidl_typesupport_introspection_cpp.hpp
-- Installing: /workspace/Conv-ChArT-Wireless-Inference/src/ros/install/convchart_interfaces/include/convchart_interfaces/convchart_interfaces/msg/detail/inference_result__type_support.cpp
-- Installing: /workspace/Conv-ChArT-Wireless-Inference/src/ros/install/convchart_interfaces/lib/libconvchart_interfaces__rosidl_typesupport_introspection_cpp.so
-- Set non-toolchain portion of runtime path of "/workspace/Conv-ChArT-Wireless-Inference/src/ros/install/convchart_interfaces/lib/libconvchart_interfaces__rosidl_typesupport_introspection_cpp.so" to ""
-- Installing: /workspace/Conv-ChArT-Wireless-Inference/src/ros/install/convchart_interfaces/lib/libconvchart_interfaces__rosidl_typesupport_cpp.so
-- Set non-toolchain portion of runtime path of "/workspace/Conv-ChArT-Wireless-Inference/src/ros/install/convchart_interfaces/lib/libconvchart_interfaces__rosidl_typesupport_cpp.so" to ""
-- Installing: /workspace/Conv-ChArT-Wireless-Inference/src/ros/install/convchart_interfaces/share/convchart_interfaces/environment/pythonpath.sh
-- Installing: /workspace/Conv-ChArT-Wireless-Inference/src/ros/install/convchart_interfaces/share/convchart_interfaces/environment/pythonpath.dsv
-- Installing: /workspace/Conv-ChArT-Wireless-Inference/src/ros/install/convchart_interfaces/lib/python3.12/site-packages/convchart_interfaces-0.0.0-py3.12.egg-info
-- Installing: /workspace/Conv-ChArT-Wireless-Inference/src/ros/install/convchart_interfaces/lib/python3.12/site-packages/convchart_interfaces-0.0.0-py3.12.egg-info/SOURCES.txt
-- Installing: /workspace/Conv-ChArT-Wireless-Inference/src/ros/install/convchart_interfaces/lib/python3.12/site-packages/convchart_interfaces-0.0.0-py3.12.egg-info/PKG-INFO
-- Installing: /workspace/Conv-ChArT-Wireless-Inference/src/ros/install/convchart_interfaces/lib/python3.12/site-packages/convchart_interfaces-0.0.0-py3.12.egg-info/top_level.txt
-- Installing: /workspace/Conv-ChArT-Wireless-Inference/src/ros/install/convchart_interfaces/lib/python3.12/site-packages/convchart_interfaces-0.0.0-py3.12.egg-info/dependency_links.txt
-- Installing: /workspace/Conv-ChArT-Wireless-Inference/src/ros/install/convchart_interfaces/lib/python3.12/site-packages/convchart_interfaces
-- Installing: /workspace/Conv-ChArT-Wireless-Inference/src/ros/install/convchart_interfaces/lib/python3.12/site-packages/convchart_interfaces/convchart_interfaces_s__rosidl_typesupport_fastrtps_c.so
-- Installing: /workspace/Conv-ChArT-Wireless-Inference/src/ros/install/convchart_interfaces/lib/python3.12/site-packages/convchart_interfaces/_convchart_interfaces_s.ep.rosidl_typesupport_fastrtps_c.c
-- Installing: /workspace/Conv-ChArT-Wireless-Inference/src/ros/install/convchart_interfaces/lib/python3.12/site-packages/convchart_interfaces/convchart_interfaces_s__rosidl_typesupport_c.so
-- Installing: /workspace/Conv-ChArT-Wireless-Inference/src/ros/install/convchart_interfaces/lib/python3.12/site-packages/convchart_interfaces/_convchart_interfaces_s.ep.rosidl_typesupport_c.c
-- Installing: /workspace/Conv-ChArT-Wireless-Inference/src/ros/install/convchart_interfaces/lib/python3.12/site-packages/convchart_interfaces/msg
-- Installing: /workspace/Conv-ChArT-Wireless-Inference/src/ros/install/convchart_interfaces/lib/python3.12/site-packages/convchart_interfaces/msg/_inference_result.py
-- Installing: /workspace/Conv-ChArT-Wireless-Inference/src/ros/install/convchart_interfaces/lib/python3.12/site-packages/convchart_interfaces/msg/_inference_result_s.c
-- Installing: /workspace/Conv-ChArT-Wireless-Inference/src/ros/install/convchart_interfaces/lib/python3.12/site-packages/convchart_interfaces/msg/__init__.py
-- Installing: /workspace/Conv-ChArT-Wireless-Inference/src/ros/install/convchart_interfaces/lib/python3.12/site-packages/convchart_interfaces/_convchart_interfaces_s.ep.rosidl_typesupport_introspection_c.c
-- Installing: /workspace/Conv-ChArT-Wireless-Inference/src/ros/install/convchart_interfaces/lib/python3.12/site-packages/convchart_interfaces/convchart_interfaces_s__rosidl_typesupport_introspection_c.so
-- Installing: /workspace/Conv-ChArT-Wireless-Inference/src/ros/install/convchart_interfaces/lib/python3.12/site-packages/convchart_interfaces/__init__.py
Listing '/workspace/Conv-ChArT-Wireless-Inference/src/ros/install/convchart_interfaces/lib/python3.12/site-packages/convchart_interfaces'...
Compiling '/workspace/Conv-ChArT-Wireless-Inference/src/ros/install/convchart_interfaces/lib/python3.12/site-packages/convchart_interfaces/__init__.py'...
Listing '/workspace/Conv-ChArT-Wireless-Inference/src/ros/install/convchart_interfaces/lib/python3.12/site-packages/convchart_interfaces/msg'...
Compiling '/workspace/Conv-ChArT-Wireless-Inference/src/ros/install/convchart_interfaces/lib/python3.12/site-packages/convchart_interfaces/msg/__init__.py'...
Compiling '/workspace/Conv-ChArT-Wireless-Inference/src/ros/install/convchart_interfaces/lib/python3.12/site-packages/convchart_interfaces/msg/_inference_result.py'...
-- Installing: /workspace/Conv-ChArT-Wireless-Inference/src/ros/install/convchart_interfaces/lib/python3.12/site-packages/convchart_interfaces/convchart_interfaces_s__rosidl_typesupport_fastrtps_c.so
-- Set non-toolchain portion of runtime path of "/workspace/Conv-ChArT-Wireless-Inference/src/ros/install/convchart_interfaces/lib/python3.12/site-packages/convchart_interfaces/convchart_interfaces_s__rosidl_typesupport_fastrtps_c.so" to ""
-- Installing: /workspace/Conv-ChArT-Wireless-Inference/src/ros/install/convchart_interfaces/lib/python3.12/site-packages/convchart_interfaces/convchart_interfaces_s__rosidl_typesupport_introspection_c.so
-- Set non-toolchain portion of runtime path of "/workspace/Conv-ChArT-Wireless-Inference/src/ros/install/convchart_interfaces/lib/python3.12/site-packages/convchart_interfaces/convchart_interfaces_s__rosidl_typesupport_introspection_c.so" to ""
-- Installing: /workspace/Conv-ChArT-Wireless-Inference/src/ros/install/convchart_interfaces/lib/python3.12/site-packages/convchart_interfaces/convchart_interfaces_s__rosidl_typesupport_c.so
-- Set non-toolchain portion of runtime path of "/workspace/Conv-ChArT-Wireless-Inference/src/ros/install/convchart_interfaces/lib/python3.12/site-packages/convchart_interfaces/convchart_interfaces_s__rosidl_typesupport_c.so" to ""
-- Installing: /workspace/Conv-ChArT-Wireless-Inference/src/ros/install/convchart_interfaces/lib/libconvchart_interfaces__rosidl_generator_py.so
-- Set non-toolchain portion of runtime path of "/workspace/Conv-ChArT-Wireless-Inference/src/ros/install/convchart_interfaces/lib/libconvchart_interfaces__rosidl_generator_py.so" to ""
-- Installing: /workspace/Conv-ChArT-Wireless-Inference/src/ros/install/convchart_interfaces/share/convchart_interfaces/rust
-- Installing: /workspace/Conv-ChArT-Wireless-Inference/src/ros/install/convchart_interfaces/share/convchart_interfaces/rust/Cargo.toml
-- Installing: /workspace/Conv-ChArT-Wireless-Inference/src/ros/install/convchart_interfaces/share/convchart_interfaces/rust/src
-- Installing: /workspace/Conv-ChArT-Wireless-Inference/src/ros/install/convchart_interfaces/share/convchart_interfaces/rust/src/msg
-- Installing: /workspace/Conv-ChArT-Wireless-Inference/src/ros/install/convchart_interfaces/share/convchart_interfaces/rust/src/msg/rmw.rs
-- Installing: /workspace/Conv-ChArT-Wireless-Inference/src/ros/install/convchart_interfaces/share/convchart_interfaces/rust/src/lib.rs
-- Installing: /workspace/Conv-ChArT-Wireless-Inference/src/ros/install/convchart_interfaces/share/convchart_interfaces/rust/src/msg.rs
-- Installing: /workspace/Conv-ChArT-Wireless-Inference/src/ros/install/convchart_interfaces/share/convchart_interfaces/rust/build.rs
-- Installing: /workspace/Conv-ChArT-Wireless-Inference/src/ros/install/convchart_interfaces/share/convchart_interfaces/msg/InferenceResult.idl
-- Installing: /workspace/Conv-ChArT-Wireless-Inference/src/ros/install/convchart_interfaces/share/convchart_interfaces/msg/InferenceResult.msg
-- Installing: /workspace/Conv-ChArT-Wireless-Inference/src/ros/install/convchart_interfaces/share/ament_index/resource_index/package_run_dependencies/convchart_interfaces
-- Installing: /workspace/Conv-ChArT-Wireless-Inference/src/ros/install/convchart_interfaces/share/ament_index/resource_index/parent_prefix_path/convchart_interfaces
-- Installing: /workspace/Conv-ChArT-Wireless-Inference/src/ros/install/convchart_interfaces/share/convchart_interfaces/environment/ament_prefix_path.sh
-- Installing: /workspace/Conv-ChArT-Wireless-Inference/src/ros/install/convchart_interfaces/share/convchart_interfaces/environment/ament_prefix_path.dsv
-- Installing: /workspace/Conv-ChArT-Wireless-Inference/src/ros/install/convchart_interfaces/share/convchart_interfaces/environment/path.sh
-- Installing: /workspace/Conv-ChArT-Wireless-Inference/src/ros/install/convchart_interfaces/share/convchart_interfaces/environment/path.dsv
-- Installing: /workspace/Conv-ChArT-Wireless-Inference/src/ros/install/convchart_interfaces/share/convchart_interfaces/local_setup.bash
-- Installing: /workspace/Conv-ChArT-Wireless-Inference/src/ros/install/convchart_interfaces/share/convchart_interfaces/local_setup.sh
-- Installing: /workspace/Conv-ChArT-Wireless-Inference/src/ros/install/convchart_interfaces/share/convchart_interfaces/local_setup.zsh
-- Installing: /workspace/Conv-ChArT-Wireless-Inference/src/ros/install/convchart_interfaces/share/convchart_interfaces/local_setup.dsv
-- Installing: /workspace/Conv-ChArT-Wireless-Inference/src/ros/install/convchart_interfaces/share/convchart_interfaces/package.dsv
-- Installing: /workspace/Conv-ChArT-Wireless-Inference/src/ros/install/convchart_interfaces/share/ament_index/resource_index/packages/convchart_interfaces
-- Installing: /workspace/Conv-ChArT-Wireless-Inference/src/ros/install/convchart_interfaces/share/convchart_interfaces/cmake/export_convchart_interfaces__rosidl_generator_cExport.cmake
-- Installing: /workspace/Conv-ChArT-Wireless-Inference/src/ros/install/convchart_interfaces/share/convchart_interfaces/cmake/export_convchart_interfaces__rosidl_generator_cExport-noconfig.cmake
-- Installing: /workspace/Conv-ChArT-Wireless-Inference/src/ros/install/convchart_interfaces/share/convchart_interfaces/cmake/export_convchart_interfaces__rosidl_typesupport_fastrtps_cExport.cmake
-- Installing: /workspace/Conv-ChArT-Wireless-Inference/src/ros/install/convchart_interfaces/share/convchart_interfaces/cmake/export_convchart_interfaces__rosidl_typesupport_fastrtps_cExport-noconfig.cmake
-- Installing: /workspace/Conv-ChArT-Wireless-Inference/src/ros/install/convchart_interfaces/share/convchart_interfaces/cmake/convchart_interfaces__rosidl_typesupport_introspection_cExport.cmake
-- Installing: /workspace/Conv-ChArT-Wireless-Inference/src/ros/install/convchart_interfaces/share/convchart_interfaces/cmake/convchart_interfaces__rosidl_typesupport_introspection_cExport-noconfig.cmake
-- Installing: /workspace/Conv-ChArT-Wireless-Inference/src/ros/install/convchart_interfaces/share/convchart_interfaces/cmake/convchart_interfaces__rosidl_typesupport_cExport.cmake
-- Installing: /workspace/Conv-ChArT-Wireless-Inference/src/ros/install/convchart_interfaces/share/convchart_interfaces/cmake/convchart_interfaces__rosidl_typesupport_cExport-noconfig.cmake
-- Installing: /workspace/Conv-ChArT-Wireless-Inference/src/ros/install/convchart_interfaces/share/convchart_interfaces/cmake/export_convchart_interfaces__rosidl_generator_cppExport.cmake
-- Installing: /workspace/Conv-ChArT-Wireless-Inference/src/ros/install/convchart_interfaces/share/convchart_interfaces/cmake/export_convchart_interfaces__rosidl_typesupport_fastrtps_cppExport.cmake
-- Installing: /workspace/Conv-ChArT-Wireless-Inference/src/ros/install/convchart_interfaces/share/convchart_interfaces/cmake/export_convchart_interfaces__rosidl_typesupport_fastrtps_cppExport-noconfig.cmake
-- Installing: /workspace/Conv-ChArT-Wireless-Inference/src/ros/install/convchart_interfaces/share/convchart_interfaces/cmake/convchart_interfaces__rosidl_typesupport_introspection_cppExport.cmake
-- Installing: /workspace/Conv-ChArT-Wireless-Inference/src/ros/install/convchart_interfaces/share/convchart_interfaces/cmake/convchart_interfaces__rosidl_typesupport_introspection_cppExport-noconfig.cmake
-- Installing: /workspace/Conv-ChArT-Wireless-Inference/src/ros/install/convchart_interfaces/share/convchart_interfaces/cmake/convchart_interfaces__rosidl_typesupport_cppExport.cmake
-- Installing: /workspace/Conv-ChArT-Wireless-Inference/src/ros/install/convchart_interfaces/share/convchart_interfaces/cmake/convchart_interfaces__rosidl_typesupport_cppExport-noconfig.cmake
-- Installing: /workspace/Conv-ChArT-Wireless-Inference/src/ros/install/convchart_interfaces/share/convchart_interfaces/cmake/export_convchart_interfaces__rosidl_generator_pyExport.cmake
-- Installing: /workspace/Conv-ChArT-Wireless-Inference/src/ros/install/convchart_interfaces/share/convchart_interfaces/cmake/export_convchart_interfaces__rosidl_generator_pyExport-noconfig.cmake
-- Installing: /workspace/Conv-ChArT-Wireless-Inference/src/ros/install/convchart_interfaces/share/convchart_interfaces/cmake/rosidl_cmake-extras.cmake
-- Installing: /workspace/Conv-ChArT-Wireless-Inference/src/ros/install/convchart_interfaces/share/convchart_interfaces/cmake/ament_cmake_export_dependencies-extras.cmake
-- Installing: /workspace/Conv-ChArT-Wireless-Inference/src/ros/install/convchart_interfaces/share/convchart_interfaces/cmake/ament_cmake_export_include_directories-extras.cmake
-- Installing: /workspace/Conv-ChArT-Wireless-Inference/src/ros/install/convchart_interfaces/share/convchart_interfaces/cmake/ament_cmake_export_libraries-extras.cmake
-- Installing: /workspace/Conv-ChArT-Wireless-Inference/src/ros/install/convchart_interfaces/share/convchart_interfaces/cmake/ament_cmake_export_targets-extras.cmake
-- Installing: /workspace/Conv-ChArT-Wireless-Inference/src/ros/install/convchart_interfaces/share/convchart_interfaces/cmake/rosidl_cmake_export_typesupport_targets-extras.cmake
-- Installing: /workspace/Conv-ChArT-Wireless-Inference/src/ros/install/convchart_interfaces/share/convchart_interfaces/cmake/rosidl_cmake_export_typesupport_libraries-extras.cmake
-- Installing: /workspace/Conv-ChArT-Wireless-Inference/src/ros/install/convchart_interfaces/share/convchart_interfaces/cmake/rosidl_cmake_aggregate_target-extras.cmake
-- Installing: /workspace/Conv-ChArT-Wireless-Inference/src/ros/install/convchart_interfaces/share/convchart_interfaces/cmake/convchart_interfacesConfig.cmake
-- Installing: /workspace/Conv-ChArT-Wireless-Inference/src/ros/install/convchart_interfaces/share/convchart_interfaces/cmake/convchart_interfacesConfig-version.cmake
-- Installing: /workspace/Conv-ChArT-Wireless-Inference/src/ros/install/convchart_interfaces/share/convchart_interfaces/package.xml
