[0.008s] Invoking command in '/workspace/Conv-ChArT-Wireless-Inference/src/ros/build/convchart_interfaces': CMAKE_PREFIX_PATH=${CMAKE_PREFIX_PATH}:/opt/ros/jazzy /usr/bin/cmake /workspace/Conv-ChArT-Wireless-Inference/src/ros/src/convchart_interfaces -DCMAKE_INSTALL_PREFIX=/workspace/Conv-ChArT-Wireless-Inference/src/ros/install/convchart_interfaces
[0.082s] -- The C compiler identification is GNU 13.3.0
[0.151s] -- The CXX compiler identification is GNU 13.3.0
[0.171s] -- Detecting C compiler ABI info
[0.253s] -- Detecting C compiler ABI info - done
[0.259s] -- Check for working C compiler: /usr/bin/cc - skipped
[0.259s] -- Detecting C compile features
[0.260s] -- Detecting C compile features - done
[0.270s] -- Detecting CXX compiler ABI info
[0.367s] -- Detecting CXX compiler ABI info - done
[0.379s] -- Check for working CXX compiler: /usr/bin/c++ - skipped
[0.379s] -- Detecting CXX compile features
[0.380s] -- Detecting CXX compile features - done
[0.383s] -- Found ament_cmake: 2.5.6 (/opt/ros/jazzy/share/ament_cmake/cmake)
[0.499s] -- Found Python3: /usr/bin/python3 (found version "3.12.3") found components: Interpreter 
[0.580s] -- Found rosidl_default_generators: 1.6.1 (/opt/ros/jazzy/share/rosidl_default_generators/cmake)
[0.585s] -- Using all available rosidl_typesupport_c: rosidl_typesupport_fastrtps_c;rosidl_typesupport_introspection_c
[0.617s] -- Using all available rosidl_typesupport_cpp: rosidl_typesupport_fastrtps_cpp;rosidl_typesupport_introspection_cpp
[0.648s] -- Found rosidl_adapter: 4.6.9 (/opt/ros/jazzy/share/rosidl_adapter/cmake)
[0.650s] -- Found geometry_msgs: 5.3.8 (/opt/ros/jazzy/share/geometry_msgs/cmake)
[1.142s] -- Found ament_cmake_ros: 0.12.1 (/opt/ros/jazzy/share/ament_cmake_ros/cmake)
[1.515s] -- Using all available rosidl_typesupport_c: rosidl_typesupport_fastrtps_c;rosidl_typesupport_introspection_c
[2.049s] -- Using all available rosidl_typesupport_cpp: rosidl_typesupport_fastrtps_cpp;rosidl_typesupport_introspection_cpp
[2.051s] -- Found python_cmake_module: 0.11.1 (/opt/ros/jazzy/share/python_cmake_module/cmake)
[2.146s] -- Found PythonExtra: /usr/bin/python3  
[2.610s] -- Found Python3: /usr/bin/python3 (found version "3.12.3") found components: Interpreter Development NumPy Development.Module Development.Embed 
[2.714s] -- Found Python3: /usr/bin/python3 (found version "3.12.3") found components: Interpreter 
[2.716s] -- Found ament_lint_auto: 0.17.5 (/opt/ros/jazzy/share/ament_lint_auto/cmake)
[2.729s] -- Added test 'lint_cmake' to check CMake code style
[2.730s] -- Added test 'xmllint' to check XML markup files
[2.732s] -- Configuring done (2.7s)
[2.766s] -- Generating done (0.0s)
[2.776s] -- Build files have been written to: /workspace/Conv-ChArT-Wireless-Inference/src/ros/build/convchart_interfaces
[2.784s] Invoked command in '/workspace/Conv-ChArT-Wireless-Inference/src/ros/build/convchart_interfaces' returned '0': CMAKE_PREFIX_PATH=${CMAKE_PREFIX_PATH}:/opt/ros/jazzy /usr/bin/cmake /workspace/Conv-ChArT-Wireless-Inference/src/ros/src/convchart_interfaces -DCMAKE_INSTALL_PREFIX=/workspace/Conv-ChArT-Wireless-Inference/src/ros/install/convchart_interfaces
[2.786s] Invoking command in '/workspace/Conv-ChArT-Wireless-Inference/src/ros/build/convchart_interfaces': CMAKE_PREFIX_PATH=${CMAKE_PREFIX_PATH}:/opt/ros/jazzy /usr/bin/cmake --build /workspace/Conv-ChArT-Wireless-Inference/src/ros/build/convchart_interfaces -- -j32 -l32
[2.845s] [  2%] [34m[1mGenerating type hashes for ROS interfaces[0m
[2.845s] [  5%] [34m[1mGenerating Rust code for ROS interfaces[0m
[2.852s] [  5%] Built target ament_cmake_python_copy_convchart_interfaces
[3.033s] running egg_info
[3.034s] creating convchart_interfaces.egg-info
[3.045s] writing convchart_interfaces.egg-info/PKG-INFO
[3.045s] writing dependency_links to convchart_interfaces.egg-info/dependency_links.txt
[3.045s] writing top-level names to convchart_interfaces.egg-info/top_level.txt
[3.046s] writing manifest file 'convchart_interfaces.egg-info/SOURCES.txt'
[3.056s] [  5%] Built target convchart_interfaces__rosidl_generator_type_description
[3.067s] [  8%] [34m[1mGenerating C code for ROS interfaces[0m
[3.076s] reading manifest file 'convchart_interfaces.egg-info/SOURCES.txt'
[3.077s] [ 11%] [34m[1mGenerating C++ code for ROS interfaces[0m
[3.077s] writing manifest file 'convchart_interfaces.egg-info/SOURCES.txt'
[3.099s] [ 11%] Built target ament_cmake_python_build_convchart_interfaces_egg
[3.104s] [ 11%] Built target convchart_interfaces__rs
[3.270s] [ 11%] Built target convchart_interfaces__cpp
[3.282s] [ 14%] [32mBuilding C object CMakeFiles/convchart_interfaces__rosidl_generator_c.dir/rosidl_generator_c/convchart_interfaces/msg/detail/inference_result__functions.c.o[0m
[3.283s] [ 17%] [32mBuilding C object CMakeFiles/convchart_interfaces__rosidl_generator_c.dir/rosidl_generator_c/convchart_interfaces/msg/detail/inference_result__description.c.o[0m
[3.283s] [ 20%] [32mBuilding C object CMakeFiles/convchart_interfaces__rosidl_generator_c.dir/rosidl_generator_c/convchart_interfaces/msg/detail/inference_result__type_support.c.o[0m
[3.324s] [ 22%] [32m[1mLinking C shared library libconvchart_interfaces__rosidl_generator_c.so[0m
[3.354s] [ 22%] Built target convchart_interfaces__rosidl_generator_c
[3.364s] [ 25%] [34m[1mGenerating C++ introspection for ROS interfaces[0m
[3.365s] [ 31%] [34m[1mGenerating C type support dispatch for ROS interfaces[0m
[3.365s] [ 31%] [34m[1mGenerating C type support for eProsima Fast-RTPS[0m
[3.366s] [ 37%] [34m[1mGenerating C introspection for ROS interfaces[0m
[3.366s] [ 37%] [34m[1mGenerating C++ type support for eProsima Fast-RTPS[0m
[3.367s] [ 40%] [34m[1mGenerating C++ type support dispatch for ROS interfaces[0m
[3.571s] [ 42%] [32mBuilding CXX object CMakeFiles/convchart_interfaces__rosidl_typesupport_c.dir/rosidl_typesupport_c/convchart_interfaces/msg/inference_result__type_support.cpp.o[0m
[3.575s] [ 45%] [32mBuilding CXX object CMakeFiles/convchart_interfaces__rosidl_typesupport_introspection_cpp.dir/rosidl_typesupport_introspection_cpp/convchart_interfaces/msg/detail/inference_result__type_support.cpp.o[0m
[3.579s] [ 48%] [32mBuilding CXX object CMakeFiles/convchart_interfaces__rosidl_typesupport_cpp.dir/rosidl_typesupport_cpp/convchart_interfaces/msg/inference_result__type_support.cpp.o[0m
[3.588s] [ 51%] [32mBuilding CXX object CMakeFiles/convchart_interfaces__rosidl_typesupport_fastrtps_cpp.dir/rosidl_typesupport_fastrtps_cpp/convchart_interfaces/msg/detail/dds_fastrtps/inference_result__type_support.cpp.o[0m
[3.593s] [ 54%] [32mBuilding C object CMakeFiles/convchart_interfaces__rosidl_typesupport_introspection_c.dir/rosidl_typesupport_introspection_c/convchart_interfaces/msg/detail/inference_result__type_support.c.o[0m
[3.596s] [ 57%] [32mBuilding CXX object CMakeFiles/convchart_interfaces__rosidl_typesupport_fastrtps_c.dir/rosidl_typesupport_fastrtps_c/convchart_interfaces/msg/detail/inference_result__type_support_c.cpp.o[0m
[3.626s] [ 60%] [32m[1mLinking CXX shared library libconvchart_interfaces__rosidl_typesupport_c.so[0m
[3.637s] [ 62%] [32m[1mLinking C shared library libconvchart_interfaces__rosidl_typesupport_introspection_c.so[0m
[3.672s] [ 62%] Built target convchart_interfaces__rosidl_typesupport_c
[3.672s] [ 62%] Built target convchart_interfaces__rosidl_typesupport_introspection_c
[3.782s] [ 65%] [32m[1mLinking CXX shared library libconvchart_interfaces__rosidl_typesupport_cpp.so[0m
[3.792s] [ 68%] [32m[1mLinking CXX shared library libconvchart_interfaces__rosidl_typesupport_introspection_cpp.so[0m
[3.821s] [ 68%] Built target convchart_interfaces__rosidl_typesupport_cpp
[3.852s] [ 68%] Built target convchart_interfaces__rosidl_typesupport_introspection_cpp
[3.892s] [ 74%] [32m[1mLinking CXX shared library libconvchart_interfaces__rosidl_typesupport_fastrtps_cpp.so[0m
[3.892s] [ 74%] [32m[1mLinking CXX shared library libconvchart_interfaces__rosidl_typesupport_fastrtps_c.so[0m
[3.947s] [ 74%] Built target convchart_interfaces__rosidl_typesupport_fastrtps_cpp
[3.952s] [ 74%] Built target convchart_interfaces__rosidl_typesupport_fastrtps_c
[3.972s] [ 74%] Built target convchart_interfaces
[3.990s] [ 77%] [34m[1mGenerating Python code for ROS interfaces[0m
[4.238s] [ 77%] Built target convchart_interfaces__py
[4.266s] [ 80%] [32mBuilding C object CMakeFiles/convchart_interfaces__rosidl_generator_py.dir/rosidl_generator_py/convchart_interfaces/msg/_inference_result_s.c.o[0m
[4.365s] [ 82%] [32m[1mLinking C shared library libconvchart_interfaces__rosidl_generator_py.so[0m
[4.415s] [ 82%] Built target convchart_interfaces__rosidl_generator_py
[4.439s] [ 85%] [32mBuilding C object CMakeFiles/convchart_interfaces_s__rosidl_typesupport_c.dir/rosidl_generator_py/convchart_interfaces/_convchart_interfaces_s.ep.rosidl_typesupport_c.c.o[0m
[4.439s] [ 91%] [32mBuilding C object CMakeFiles/convchart_interfaces_s__rosidl_typesupport_introspection_c.dir/rosidl_generator_py/convchart_interfaces/_convchart_interfaces_s.ep.rosidl_typesupport_introspection_c.c.o[0m
[4.439s] [ 91%] [32mBuilding C object CMakeFiles/convchart_interfaces_s__rosidl_typesupport_fastrtps_c.dir/rosidl_generator_py/convchart_interfaces/_convchart_interfaces_s.ep.rosidl_typesupport_fastrtps_c.c.o[0m
[4.519s] [ 94%] [32m[1mLinking C shared module rosidl_generator_py/convchart_interfaces/convchart_interfaces_s__rosidl_typesupport_c.so[0m
[4.524s] [ 97%] [32m[1mLinking C shared module rosidl_generator_py/convchart_interfaces/convchart_interfaces_s__rosidl_typesupport_fastrtps_c.so[0m
[4.543s] [100%] [32m[1mLinking C shared module rosidl_generator_py/convchart_interfaces/convchart_interfaces_s__rosidl_typesupport_introspection_c.so[0m
[4.555s] [100%] Built target convchart_interfaces_s__rosidl_typesupport_c
[4.556s] [100%] Built target convchart_interfaces_s__rosidl_typesupport_fastrtps_c
[4.574s] [100%] Built target convchart_interfaces_s__rosidl_typesupport_introspection_c
[4.584s] Invoked command in '/workspace/Conv-ChArT-Wireless-Inference/src/ros/build/convchart_interfaces' returned '0': CMAKE_PREFIX_PATH=${CMAKE_PREFIX_PATH}:/opt/ros/jazzy /usr/bin/cmake --build /workspace/Conv-ChArT-Wireless-Inference/src/ros/build/convchart_interfaces -- -j32 -l32
[4.592s] Invoking command in '/workspace/Conv-ChArT-Wireless-Inference/src/ros/build/convchart_interfaces': CMAKE_PREFIX_PATH=${CMAKE_PREFIX_PATH}:/opt/ros/jazzy /usr/bin/cmake --install /workspace/Conv-ChArT-Wireless-Inference/src/ros/build/convchart_interfaces
[4.606s] -- Install configuration: ""
[4.607s] -- Installing: /workspace/Conv-ChArT-Wireless-Inference/src/ros/install/convchart_interfaces/share/ament_index/resource_index/rosidl_interfaces/convchart_interfaces
[4.607s] -- Installing: /workspace/Conv-ChArT-Wireless-Inference/src/ros/install/convchart_interfaces/share/convchart_interfaces/msg/InferenceResult.json
[4.607s] -- Installing: /workspace/Conv-ChArT-Wireless-Inference/src/ros/install/convchart_interfaces/include/convchart_interfaces/convchart_interfaces
[4.607s] -- Installing: /workspace/Conv-ChArT-Wireless-Inference/src/ros/install/convchart_interfaces/include/convchart_interfaces/convchart_interfaces/msg
[4.607s] -- Installing: /workspace/Conv-ChArT-Wireless-Inference/src/ros/install/convchart_interfaces/include/convchart_interfaces/convchart_interfaces/msg/inference_result.h
[4.608s] -- Installing: /workspace/Conv-ChArT-Wireless-Inference/src/ros/install/convchart_interfaces/include/convchart_interfaces/convchart_interfaces/msg/detail
[4.608s] -- Installing: /workspace/Conv-ChArT-Wireless-Inference/src/ros/install/convchart_interfaces/include/convchart_interfaces/convchart_interfaces/msg/detail/inference_result__functions.c
[4.608s] -- Installing: /workspace/Conv-ChArT-Wireless-Inference/src/ros/install/convchart_interfaces/include/convchart_interfaces/convchart_interfaces/msg/detail/inference_result__description.c
[4.608s] -- Installing: /workspace/Conv-ChArT-Wireless-Inference/src/ros/install/convchart_interfaces/include/convchart_interfaces/convchart_interfaces/msg/detail/inference_result__type_support.h
[4.608s] -- Installing: /workspace/Conv-ChArT-Wireless-Inference/src/ros/install/convchart_interfaces/include/convchart_interfaces/convchart_interfaces/msg/detail/inference_result__struct.h
[4.608s] -- Installing: /workspace/Conv-ChArT-Wireless-Inference/src/ros/install/convchart_interfaces/include/convchart_interfaces/convchart_interfaces/msg/detail/inference_result__functions.h
[4.608s] -- Installing: /workspace/Conv-ChArT-Wireless-Inference/src/ros/install/convchart_interfaces/include/convchart_interfaces/convchart_interfaces/msg/detail/inference_result__type_support.c
[4.608s] -- Installing: /workspace/Conv-ChArT-Wireless-Inference/src/ros/install/convchart_interfaces/include/convchart_interfaces/convchart_interfaces/msg/rosidl_generator_c__visibility_control.h
[4.609s] -- Installing: /workspace/Conv-ChArT-Wireless-Inference/src/ros/install/convchart_interfaces/share/convchart_interfaces/environment/library_path.sh
[4.609s] -- Installing: /workspace/Conv-ChArT-Wireless-Inference/src/ros/install/convchart_interfaces/share/convchart_interfaces/environment/library_path.dsv
[4.609s] -- Installing: /workspace/Conv-ChArT-Wireless-Inference/src/ros/install/convchart_interfaces/lib/libconvchart_interfaces__rosidl_generator_c.so
[4.609s] -- Set non-toolchain portion of runtime path of "/workspace/Conv-ChArT-Wireless-Inference/src/ros/install/convchart_interfaces/lib/libconvchart_interfaces__rosidl_generator_c.so" to ""
[4.609s] -- Up-to-date: /workspace/Conv-ChArT-Wireless-Inference/src/ros/install/convchart_interfaces/include/convchart_interfaces/convchart_interfaces
[4.610s] -- Up-to-date: /workspace/Conv-ChArT-Wireless-Inference/src/ros/install/convchart_interfaces/include/convchart_interfaces/convchart_interfaces/msg
[4.610s] -- Installing: /workspace/Conv-ChArT-Wireless-Inference/src/ros/install/convchart_interfaces/include/convchart_interfaces/convchart_interfaces/msg/rosidl_typesupport_fastrtps_c__visibility_control.h
[4.610s] -- Up-to-date: /workspace/Conv-ChArT-Wireless-Inference/src/ros/install/convchart_interfaces/include/convchart_interfaces/convchart_interfaces/msg/detail
[4.610s] -- Installing: /workspace/Conv-ChArT-Wireless-Inference/src/ros/install/convchart_interfaces/include/convchart_interfaces/convchart_interfaces/msg/detail/inference_result__rosidl_typesupport_fastrtps_c.h
[4.610s] -- Installing: /workspace/Conv-ChArT-Wireless-Inference/src/ros/install/convchart_interfaces/lib/libconvchart_interfaces__rosidl_typesupport_fastrtps_c.so
[4.611s] -- Set non-toolchain portion of runtime path of "/workspace/Conv-ChArT-Wireless-Inference/src/ros/install/convchart_interfaces/lib/libconvchart_interfaces__rosidl_typesupport_fastrtps_c.so" to ""
[4.611s] -- Up-to-date: /workspace/Conv-ChArT-Wireless-Inference/src/ros/install/convchart_interfaces/include/convchart_interfaces/convchart_interfaces
[4.611s] -- Up-to-date: /workspace/Conv-ChArT-Wireless-Inference/src/ros/install/convchart_interfaces/include/convchart_interfaces/convchart_interfaces/msg
[4.611s] -- Up-to-date: /workspace/Conv-ChArT-Wireless-Inference/src/ros/install/convchart_interfaces/include/convchart_interfaces/convchart_interfaces/msg/detail
[4.611s] -- Installing: /workspace/Conv-ChArT-Wireless-Inference/src/ros/install/convchart_interfaces/include/convchart_interfaces/convchart_interfaces/msg/detail/inference_result__rosidl_typesupport_introspection_c.h
[4.611s] -- Up-to-date: /workspace/Conv-ChArT-Wireless-Inference/src/ros/install/convchart_interfaces/include/convchart_interfaces/convchart_interfaces/msg/detail/inference_result__type_support.c
[4.612s] -- Installing: /workspace/Conv-ChArT-Wireless-Inference/src/ros/install/convchart_interfaces/include/convchart_interfaces/convchart_interfaces/msg/rosidl_typesupport_introspection_c__visibility_control.h
[4.612s] -- Installing: /workspace/Conv-ChArT-Wireless-Inference/src/ros/install/convchart_interfaces/lib/libconvchart_interfaces__rosidl_typesupport_introspection_c.so
[4.612s] -- Set non-toolchain portion of runtime path of "/workspace/Conv-ChArT-Wireless-Inference/src/ros/install/convchart_interfaces/lib/libconvchart_interfaces__rosidl_typesupport_introspection_c.so" to ""
[4.612s] -- Installing: /workspace/Conv-ChArT-Wireless-Inference/src/ros/install/convchart_interfaces/lib/libconvchart_interfaces__rosidl_typesupport_c.so
[4.612s] -- Set non-toolchain portion of runtime path of "/workspace/Conv-ChArT-Wireless-Inference/src/ros/install/convchart_interfaces/lib/libconvchart_interfaces__rosidl_typesupport_c.so" to ""
[4.612s] -- Up-to-date: /workspace/Conv-ChArT-Wireless-Inference/src/ros/install/convchart_interfaces/include/convchart_interfaces/convchart_interfaces
[4.612s] -- Up-to-date: /workspace/Conv-ChArT-Wireless-Inference/src/ros/install/convchart_interfaces/include/convchart_interfaces/convchart_interfaces/msg
[4.612s] -- Installing: /workspace/Conv-ChArT-Wireless-Inference/src/ros/install/convchart_interfaces/include/convchart_interfaces/convchart_interfaces/msg/inference_result.hpp
[4.612s] -- Up-to-date: /workspace/Conv-ChArT-Wireless-Inference/src/ros/install/convchart_interfaces/include/convchart_interfaces/convchart_interfaces/msg/detail
[4.612s] -- Installing: /workspace/Conv-ChArT-Wireless-Inference/src/ros/install/convchart_interfaces/include/convchart_interfaces/convchart_interfaces/msg/detail/inference_result__struct.hpp
[4.613s] -- Installing: /workspace/Conv-ChArT-Wireless-Inference/src/ros/install/convchart_interfaces/include/convchart_interfaces/convchart_interfaces/msg/detail/inference_result__builder.hpp
[4.613s] -- Installing: /workspace/Conv-ChArT-Wireless-Inference/src/ros/install/convchart_interfaces/include/convchart_interfaces/convchart_interfaces/msg/detail/inference_result__traits.hpp
[4.613s] -- Installing: /workspace/Conv-ChArT-Wireless-Inference/src/ros/install/convchart_interfaces/include/convchart_interfaces/convchart_interfaces/msg/detail/inference_result__type_support.hpp
[4.613s] -- Installing: /workspace/Conv-ChArT-Wireless-Inference/src/ros/install/convchart_interfaces/include/convchart_interfaces/convchart_interfaces/msg/rosidl_generator_cpp__visibility_control.hpp
[4.613s] -- Up-to-date: /workspace/Conv-ChArT-Wireless-Inference/src/ros/install/convchart_interfaces/include/convchart_interfaces/convchart_interfaces
[4.613s] -- Up-to-date: /workspace/Conv-ChArT-Wireless-Inference/src/ros/install/convchart_interfaces/include/convchart_interfaces/convchart_interfaces/msg
[4.613s] -- Installing: /workspace/Conv-ChArT-Wireless-Inference/src/ros/install/convchart_interfaces/include/convchart_interfaces/convchart_interfaces/msg/rosidl_typesupport_fastrtps_cpp__visibility_control.h
[4.613s] -- Up-to-date: /workspace/Conv-ChArT-Wireless-Inference/src/ros/install/convchart_interfaces/include/convchart_interfaces/convchart_interfaces/msg/detail
[4.613s] -- Installing: /workspace/Conv-ChArT-Wireless-Inference/src/ros/install/convchart_interfaces/include/convchart_interfaces/convchart_interfaces/msg/detail/inference_result__rosidl_typesupport_fastrtps_cpp.hpp
[4.614s] -- Installing: /workspace/Conv-ChArT-Wireless-Inference/src/ros/install/convchart_interfaces/include/convchart_interfaces/convchart_interfaces/msg/detail/dds_fastrtps
[4.614s] -- Installing: /workspace/Conv-ChArT-Wireless-Inference/src/ros/install/convchart_interfaces/lib/libconvchart_interfaces__rosidl_typesupport_fastrtps_cpp.so
[4.614s] -- Set non-toolchain portion of runtime path of "/workspace/Conv-ChArT-Wireless-Inference/src/ros/install/convchart_interfaces/lib/libconvchart_interfaces__rosidl_typesupport_fastrtps_cpp.so" to ""
[4.614s] -- Up-to-date: /workspace/Conv-ChArT-Wireless-Inference/src/ros/install/convchart_interfaces/include/convchart_interfaces/convchart_interfaces
[4.614s] -- Up-to-date: /workspace/Conv-ChArT-Wireless-Inference/src/ros/install/convchart_interfaces/include/convchart_interfaces/convchart_interfaces/msg
[4.614s] -- Up-to-date: /workspace/Conv-ChArT-Wireless-Inference/src/ros/install/convchart_interfaces/include/convchart_interfaces/convchart_interfaces/msg/detail
[4.614s] -- Installing: /workspace/Conv-ChArT-Wireless-Inference/src/ros/install/convchart_interfaces/include/convchart_interfaces/convchart_interfaces/msg/detail/inference_result__rosidl_typesupport_introspection_cpp.hpp
[4.614s] -- Installing: /workspace/Conv-ChArT-Wireless-Inference/src/ros/install/convchart_interfaces/include/convchart_interfaces/convchart_interfaces/msg/detail/inference_result__type_support.cpp
[4.615s] -- Installing: /workspace/Conv-ChArT-Wireless-Inference/src/ros/install/convchart_interfaces/lib/libconvchart_interfaces__rosidl_typesupport_introspection_cpp.so
[4.615s] -- Set non-toolchain portion of runtime path of "/workspace/Conv-ChArT-Wireless-Inference/src/ros/install/convchart_interfaces/lib/libconvchart_interfaces__rosidl_typesupport_introspection_cpp.so" to ""
[4.615s] -- Installing: /workspace/Conv-ChArT-Wireless-Inference/src/ros/install/convchart_interfaces/lib/libconvchart_interfaces__rosidl_typesupport_cpp.so
[4.615s] -- Set non-toolchain portion of runtime path of "/workspace/Conv-ChArT-Wireless-Inference/src/ros/install/convchart_interfaces/lib/libconvchart_interfaces__rosidl_typesupport_cpp.so" to ""
[4.615s] -- Installing: /workspace/Conv-ChArT-Wireless-Inference/src/ros/install/convchart_interfaces/share/convchart_interfaces/environment/pythonpath.sh
[4.615s] -- Installing: /workspace/Conv-ChArT-Wireless-Inference/src/ros/install/convchart_interfaces/share/convchart_interfaces/environment/pythonpath.dsv
[4.616s] -- Installing: /workspace/Conv-ChArT-Wireless-Inference/src/ros/install/convchart_interfaces/lib/python3.12/site-packages/convchart_interfaces-0.0.0-py3.12.egg-info
[4.616s] -- Installing: /workspace/Conv-ChArT-Wireless-Inference/src/ros/install/convchart_interfaces/lib/python3.12/site-packages/convchart_interfaces-0.0.0-py3.12.egg-info/SOURCES.txt
[4.616s] -- Installing: /workspace/Conv-ChArT-Wireless-Inference/src/ros/install/convchart_interfaces/lib/python3.12/site-packages/convchart_interfaces-0.0.0-py3.12.egg-info/PKG-INFO
[4.616s] -- Installing: /workspace/Conv-ChArT-Wireless-Inference/src/ros/install/convchart_interfaces/lib/python3.12/site-packages/convchart_interfaces-0.0.0-py3.12.egg-info/top_level.txt
[4.616s] -- Installing: /workspace/Conv-ChArT-Wireless-Inference/src/ros/install/convchart_interfaces/lib/python3.12/site-packages/convchart_interfaces-0.0.0-py3.12.egg-info/dependency_links.txt
[4.616s] -- Installing: /workspace/Conv-ChArT-Wireless-Inference/src/ros/install/convchart_interfaces/lib/python3.12/site-packages/convchart_interfaces
[4.616s] -- Installing: /workspace/Conv-ChArT-Wireless-Inference/src/ros/install/convchart_interfaces/lib/python3.12/site-packages/convchart_interfaces/convchart_interfaces_s__rosidl_typesupport_fastrtps_c.so
[4.617s] -- Installing: /workspace/Conv-ChArT-Wireless-Inference/src/ros/install/convchart_interfaces/lib/python3.12/site-packages/convchart_interfaces/_convchart_interfaces_s.ep.rosidl_typesupport_fastrtps_c.c
[4.617s] -- Installing: /workspace/Conv-ChArT-Wireless-Inference/src/ros/install/convchart_interfaces/lib/python3.12/site-packages/convchart_interfaces/convchart_interfaces_s__rosidl_typesupport_c.so
[4.617s] -- Installing: /workspace/Conv-ChArT-Wireless-Inference/src/ros/install/convchart_interfaces/lib/python3.12/site-packages/convchart_interfaces/_convchart_interfaces_s.ep.rosidl_typesupport_c.c
[4.617s] -- Installing: /workspace/Conv-ChArT-Wireless-Inference/src/ros/install/convchart_interfaces/lib/python3.12/site-packages/convchart_interfaces/msg
[4.617s] -- Installing: /workspace/Conv-ChArT-Wireless-Inference/src/ros/install/convchart_interfaces/lib/python3.12/site-packages/convchart_interfaces/msg/_inference_result.py
[4.617s] -- Installing: /workspace/Conv-ChArT-Wireless-Inference/src/ros/install/convchart_interfaces/lib/python3.12/site-packages/convchart_interfaces/msg/_inference_result_s.c
[4.617s] -- Installing: /workspace/Conv-ChArT-Wireless-Inference/src/ros/install/convchart_interfaces/lib/python3.12/site-packages/convchart_interfaces/msg/__init__.py
[4.617s] -- Installing: /workspace/Conv-ChArT-Wireless-Inference/src/ros/install/convchart_interfaces/lib/python3.12/site-packages/convchart_interfaces/_convchart_interfaces_s.ep.rosidl_typesupport_introspection_c.c
[4.617s] -- Installing: /workspace/Conv-ChArT-Wireless-Inference/src/ros/install/convchart_interfaces/lib/python3.12/site-packages/convchart_interfaces/convchart_interfaces_s__rosidl_typesupport_introspection_c.so
[4.618s] -- Installing: /workspace/Conv-ChArT-Wireless-Inference/src/ros/install/convchart_interfaces/lib/python3.12/site-packages/convchart_interfaces/__init__.py
[4.648s] Listing '/workspace/Conv-ChArT-Wireless-Inference/src/ros/install/convchart_interfaces/lib/python3.12/site-packages/convchart_interfaces'...
[4.648s] Compiling '/workspace/Conv-ChArT-Wireless-Inference/src/ros/install/convchart_interfaces/lib/python3.12/site-packages/convchart_interfaces/__init__.py'...
[4.649s] Listing '/workspace/Conv-ChArT-Wireless-Inference/src/ros/install/convchart_interfaces/lib/python3.12/site-packages/convchart_interfaces/msg'...
[4.650s] Compiling '/workspace/Conv-ChArT-Wireless-Inference/src/ros/install/convchart_interfaces/lib/python3.12/site-packages/convchart_interfaces/msg/__init__.py'...
[4.650s] Compiling '/workspace/Conv-ChArT-Wireless-Inference/src/ros/install/convchart_interfaces/lib/python3.12/site-packages/convchart_interfaces/msg/_inference_result.py'...
[4.656s] -- Installing: /workspace/Conv-ChArT-Wireless-Inference/src/ros/install/convchart_interfaces/lib/python3.12/site-packages/convchart_interfaces/convchart_interfaces_s__rosidl_typesupport_fastrtps_c.so
[4.656s] -- Set non-toolchain portion of runtime path of "/workspace/Conv-ChArT-Wireless-Inference/src/ros/install/convchart_interfaces/lib/python3.12/site-packages/convchart_interfaces/convchart_interfaces_s__rosidl_typesupport_fastrtps_c.so" to ""
[4.656s] -- Installing: /workspace/Conv-ChArT-Wireless-Inference/src/ros/install/convchart_interfaces/lib/python3.12/site-packages/convchart_interfaces/convchart_interfaces_s__rosidl_typesupport_introspection_c.so
[4.657s] -- Set non-toolchain portion of runtime path of "/workspace/Conv-ChArT-Wireless-Inference/src/ros/install/convchart_interfaces/lib/python3.12/site-packages/convchart_interfaces/convchart_interfaces_s__rosidl_typesupport_introspection_c.so" to ""
[4.657s] -- Installing: /workspace/Conv-ChArT-Wireless-Inference/src/ros/install/convchart_interfaces/lib/python3.12/site-packages/convchart_interfaces/convchart_interfaces_s__rosidl_typesupport_c.so
[4.657s] -- Set non-toolchain portion of runtime path of "/workspace/Conv-ChArT-Wireless-Inference/src/ros/install/convchart_interfaces/lib/python3.12/site-packages/convchart_interfaces/convchart_interfaces_s__rosidl_typesupport_c.so" to ""
[4.657s] -- Installing: /workspace/Conv-ChArT-Wireless-Inference/src/ros/install/convchart_interfaces/lib/libconvchart_interfaces__rosidl_generator_py.so
[4.657s] -- Set non-toolchain portion of runtime path of "/workspace/Conv-ChArT-Wireless-Inference/src/ros/install/convchart_interfaces/lib/libconvchart_interfaces__rosidl_generator_py.so" to ""
[4.657s] -- Installing: /workspace/Conv-ChArT-Wireless-Inference/src/ros/install/convchart_interfaces/share/convchart_interfaces/rust
[4.658s] -- Installing: /workspace/Conv-ChArT-Wireless-Inference/src/ros/install/convchart_interfaces/share/convchart_interfaces/rust/Cargo.toml
[4.658s] -- Installing: /workspace/Conv-ChArT-Wireless-Inference/src/ros/install/convchart_interfaces/share/convchart_interfaces/rust/src
[4.658s] -- Installing: /workspace/Conv-ChArT-Wireless-Inference/src/ros/install/convchart_interfaces/share/convchart_interfaces/rust/src/msg
[4.658s] -- Installing: /workspace/Conv-ChArT-Wireless-Inference/src/ros/install/convchart_interfaces/share/convchart_interfaces/rust/src/msg/rmw.rs
[4.658s] -- Installing: /workspace/Conv-ChArT-Wireless-Inference/src/ros/install/convchart_interfaces/share/convchart_interfaces/rust/src/lib.rs
[4.658s] -- Installing: /workspace/Conv-ChArT-Wireless-Inference/src/ros/install/convchart_interfaces/share/convchart_interfaces/rust/src/msg.rs
[4.659s] -- Installing: /workspace/Conv-ChArT-Wireless-Inference/src/ros/install/convchart_interfaces/share/convchart_interfaces/rust/build.rs
[4.659s] -- Installing: /workspace/Conv-ChArT-Wireless-Inference/src/ros/install/convchart_interfaces/share/convchart_interfaces/msg/InferenceResult.idl
[4.659s] -- Installing: /workspace/Conv-ChArT-Wireless-Inference/src/ros/install/convchart_interfaces/share/convchart_interfaces/msg/InferenceResult.msg
[4.659s] -- Installing: /workspace/Conv-ChArT-Wireless-Inference/src/ros/install/convchart_interfaces/share/ament_index/resource_index/package_run_dependencies/convchart_interfaces
[4.659s] -- Installing: /workspace/Conv-ChArT-Wireless-Inference/src/ros/install/convchart_interfaces/share/ament_index/resource_index/parent_prefix_path/convchart_interfaces
[4.659s] -- Installing: /workspace/Conv-ChArT-Wireless-Inference/src/ros/install/convchart_interfaces/share/convchart_interfaces/environment/ament_prefix_path.sh
[4.659s] -- Installing: /workspace/Conv-ChArT-Wireless-Inference/src/ros/install/convchart_interfaces/share/convchart_interfaces/environment/ament_prefix_path.dsv
[4.659s] -- Installing: /workspace/Conv-ChArT-Wireless-Inference/src/ros/install/convchart_interfaces/share/convchart_interfaces/environment/path.sh
[4.659s] -- Installing: /workspace/Conv-ChArT-Wireless-Inference/src/ros/install/convchart_interfaces/share/convchart_interfaces/environment/path.dsv
[4.660s] -- Installing: /workspace/Conv-ChArT-Wireless-Inference/src/ros/install/convchart_interfaces/share/convchart_interfaces/local_setup.bash
[4.660s] -- Installing: /workspace/Conv-ChArT-Wireless-Inference/src/ros/install/convchart_interfaces/share/convchart_interfaces/local_setup.sh
[4.660s] -- Installing: /workspace/Conv-ChArT-Wireless-Inference/src/ros/install/convchart_interfaces/share/convchart_interfaces/local_setup.zsh
[4.660s] -- Installing: /workspace/Conv-ChArT-Wireless-Inference/src/ros/install/convchart_interfaces/share/convchart_interfaces/local_setup.dsv
[4.660s] -- Installing: /workspace/Conv-ChArT-Wireless-Inference/src/ros/install/convchart_interfaces/share/convchart_interfaces/package.dsv
[4.660s] -- Installing: /workspace/Conv-ChArT-Wireless-Inference/src/ros/install/convchart_interfaces/share/ament_index/resource_index/packages/convchart_interfaces
[4.660s] -- Installing: /workspace/Conv-ChArT-Wireless-Inference/src/ros/install/convchart_interfaces/share/convchart_interfaces/cmake/export_convchart_interfaces__rosidl_generator_cExport.cmake
[4.660s] -- Installing: /workspace/Conv-ChArT-Wireless-Inference/src/ros/install/convchart_interfaces/share/convchart_interfaces/cmake/export_convchart_interfaces__rosidl_generator_cExport-noconfig.cmake
[4.661s] -- Installing: /workspace/Conv-ChArT-Wireless-Inference/src/ros/install/convchart_interfaces/share/convchart_interfaces/cmake/export_convchart_interfaces__rosidl_typesupport_fastrtps_cExport.cmake
[4.661s] -- Installing: /workspace/Conv-ChArT-Wireless-Inference/src/ros/install/convchart_interfaces/share/convchart_interfaces/cmake/export_convchart_interfaces__rosidl_typesupport_fastrtps_cExport-noconfig.cmake
[4.661s] -- Installing: /workspace/Conv-ChArT-Wireless-Inference/src/ros/install/convchart_interfaces/share/convchart_interfaces/cmake/convchart_interfaces__rosidl_typesupport_introspection_cExport.cmake
[4.661s] -- Installing: /workspace/Conv-ChArT-Wireless-Inference/src/ros/install/convchart_interfaces/share/convchart_interfaces/cmake/convchart_interfaces__rosidl_typesupport_introspection_cExport-noconfig.cmake
[4.661s] -- Installing: /workspace/Conv-ChArT-Wireless-Inference/src/ros/install/convchart_interfaces/share/convchart_interfaces/cmake/convchart_interfaces__rosidl_typesupport_cExport.cmake
[4.661s] -- Installing: /workspace/Conv-ChArT-Wireless-Inference/src/ros/install/convchart_interfaces/share/convchart_interfaces/cmake/convchart_interfaces__rosidl_typesupport_cExport-noconfig.cmake
[4.661s] -- Installing: /workspace/Conv-ChArT-Wireless-Inference/src/ros/install/convchart_interfaces/share/convchart_interfaces/cmake/export_convchart_interfaces__rosidl_generator_cppExport.cmake
[4.662s] -- Installing: /workspace/Conv-ChArT-Wireless-Inference/src/ros/install/convchart_interfaces/share/convchart_interfaces/cmake/export_convchart_interfaces__rosidl_typesupport_fastrtps_cppExport.cmake
[4.662s] -- Installing: /workspace/Conv-ChArT-Wireless-Inference/src/ros/install/convchart_interfaces/share/convchart_interfaces/cmake/export_convchart_interfaces__rosidl_typesupport_fastrtps_cppExport-noconfig.cmake
[4.662s] -- Installing: /workspace/Conv-ChArT-Wireless-Inference/src/ros/install/convchart_interfaces/share/convchart_interfaces/cmake/convchart_interfaces__rosidl_typesupport_introspection_cppExport.cmake
[4.662s] -- Installing: /workspace/Conv-ChArT-Wireless-Inference/src/ros/install/convchart_interfaces/share/convchart_interfaces/cmake/convchart_interfaces__rosidl_typesupport_introspection_cppExport-noconfig.cmake
[4.662s] -- Installing: /workspace/Conv-ChArT-Wireless-Inference/src/ros/install/convchart_interfaces/share/convchart_interfaces/cmake/convchart_interfaces__rosidl_typesupport_cppExport.cmake
[4.662s] -- Installing: /workspace/Conv-ChArT-Wireless-Inference/src/ros/install/convchart_interfaces/share/convchart_interfaces/cmake/convchart_interfaces__rosidl_typesupport_cppExport-noconfig.cmake
[4.662s] -- Installing: /workspace/Conv-ChArT-Wireless-Inference/src/ros/install/convchart_interfaces/share/convchart_interfaces/cmake/export_convchart_interfaces__rosidl_generator_pyExport.cmake
[4.662s] -- Installing: /workspace/Conv-ChArT-Wireless-Inference/src/ros/install/convchart_interfaces/share/convchart_interfaces/cmake/export_convchart_interfaces__rosidl_generator_pyExport-noconfig.cmake
[4.662s] -- Installing: /workspace/Conv-ChArT-Wireless-Inference/src/ros/install/convchart_interfaces/share/convchart_interfaces/cmake/rosidl_cmake-extras.cmake
[4.662s] -- Installing: /workspace/Conv-ChArT-Wireless-Inference/src/ros/install/convchart_interfaces/share/convchart_interfaces/cmake/ament_cmake_export_dependencies-extras.cmake
[4.663s] -- Installing: /workspace/Conv-ChArT-Wireless-Inference/src/ros/install/convchart_interfaces/share/convchart_interfaces/cmake/ament_cmake_export_include_directories-extras.cmake
[4.663s] -- Installing: /workspace/Conv-ChArT-Wireless-Inference/src/ros/install/convchart_interfaces/share/convchart_interfaces/cmake/ament_cmake_export_libraries-extras.cmake
[4.663s] -- Installing: /workspace/Conv-ChArT-Wireless-Inference/src/ros/install/convchart_interfaces/share/convchart_interfaces/cmake/ament_cmake_export_targets-extras.cmake
[4.663s] -- Installing: /workspace/Conv-ChArT-Wireless-Inference/src/ros/install/convchart_interfaces/share/convchart_interfaces/cmake/rosidl_cmake_export_typesupport_targets-extras.cmake
[4.663s] -- Installing: /workspace/Conv-ChArT-Wireless-Inference/src/ros/install/convchart_interfaces/share/convchart_interfaces/cmake/rosidl_cmake_export_typesupport_libraries-extras.cmake
[4.663s] -- Installing: /workspace/Conv-ChArT-Wireless-Inference/src/ros/install/convchart_interfaces/share/convchart_interfaces/cmake/rosidl_cmake_aggregate_target-extras.cmake
[4.663s] -- Installing: /workspace/Conv-ChArT-Wireless-Inference/src/ros/install/convchart_interfaces/share/convchart_interfaces/cmake/convchart_interfacesConfig.cmake
[4.663s] -- Installing: /workspace/Conv-ChArT-Wireless-Inference/src/ros/install/convchart_interfaces/share/convchart_interfaces/cmake/convchart_interfacesConfig-version.cmake
[4.664s] -- Installing: /workspace/Conv-ChArT-Wireless-Inference/src/ros/install/convchart_interfaces/share/convchart_interfaces/package.xml
[4.664s] Invoked command in '/workspace/Conv-ChArT-Wireless-Inference/src/ros/build/convchart_interfaces' returned '0': CMAKE_PREFIX_PATH=${CMAKE_PREFIX_PATH}:/opt/ros/jazzy /usr/bin/cmake --install /workspace/Conv-ChArT-Wireless-Inference/src/ros/build/convchart_interfaces
